// Rstest Snapshot v1

exports[`module graph > ModuleGraph toCodeMap 1`] = `
{
  "1": {
    "parsedSource": "source-1",
    "source": "source-1",
    "transformed": "",
  },
  "2": {
    "parsedSource": "source-2",
    "source": "source-2",
    "transformed": "",
  },
  "3": {
    "parsedSource": "source-3",
    "source": "source-3",
    "transformed": "",
  },
  "4": {
    "parsedSource": "source-4",
    "source": "source-4",
    "transformed": "",
  },
  "5": {
    "parsedSource": "source-5",
    "source": "source-5",
    "transformed": "",
  },
  "6": {
    "parsedSource": "source-6",
    "source": "source-6",
    "transformed": "",
  },
  "7": {
    "parsedSource": "source-7",
    "source": "source-7",
    "transformed": "",
  },
  "8": {
    "parsedSource": "source-8",
    "source": "source-8",
    "transformed": "",
  },
  "9": {
    "parsedSource": "source-9",
    "source": "source-9",
    "transformed": "",
  },
}
`;
