// Vitest Snapshot v1, https://vitest.dev/guide/snapshot.html

exports[`readPackageJson util > readPackageJson util 1`] = `
{
  "name": "@lodash/es",
  "private": true,
  "root": "<ROOT>/packages/graph/tests/fixture",
  "type": "module",
  "version": "0.1.0",
}
`;
