// Rstest Snapshot v1

exports[`test checkCirclePath function > makeRulesSerializable() 1`] = `
[
  [
    "foo",
    "a",
  ],
  [
    "foo",
    "x",
    "foo",
  ],
]
`;

exports[`test checkCirclePath function > makeRulesSerializable() 2`] = `
{
  "a": {
    "b": "b",
  },
  "foo": "[Circular]",
}
`;
